// Jest Snapshot v1, https://goo.gl/fbAQLP

exports[`Result renders correctly 1`] = `
<div
  className="result"
>
  <h3
    className="title"
  >
    <a
      className="link"
      href="https://en.wikipedia.org/wiki/A%20title%20for%20the%20result"
      rel="noopener"
      target="_blank"
    >
      A title for the result
    </a>
  </h3>
  <div
    className="snippet"
  >
    This would be a description for the result.
  </div>
  <a
    className="link"
    href="https://en.wikipedia.org/wiki/A%20title%20for%20the%20result"
    rel="noopener"
    target="_blank"
  >
    https://en.wikipedia.org/wiki/A%20title%20for%20the%20result
  </a>
</div>
`;
