// Jest Snapshot v1, https://goo.gl/fbAQLP

exports[`App renders correctly 1`] = `
<Fragment>
  <header
    className="header"
  >
    <SearchBar />
  </header>
  <main
    className="main"
  />
</Fragment>
`;
